---
source: tests/explain_snapshots.rs
description: "-- explicit JOIN chain written largest-first: fine at P0 (hash joins),\n-- but the ORDER of those hash joins is still textual until P2\nSELECT c_name, l_extendedprice\nFROM lineitem\nINNER JOIN orders ON l_orderkey = o_orderkey\nINNER JOIN customer ON o_custkey = c_custkey\nWHERE c_mktsegment = 'AUTOMOBILE' AND l_discount > 0.05"
expression: rendered
---
Project [#2.1, #0.4]
  Join on=[#1.0 = #0.0]
    Join on=[#2.0 = #1.1]
      Filter (#2.3 = 'AUTOMOBILE')
        Project [#2.0, #2.1, #2.3]
          Scan #2
      Project [#1.0, #1.1]
        Scan #1
    Filter (#0.5 > 0.05)
      Project [#0.0, #0.4, #0.5]
        Scan #0
